# serializer version: 1
# name: test_single_q_to_markdown
  '''
  Q) What is the meaning of life?
  
  > [!NOTE]- Highlight
  >  ==42== 
  > [Link](https://en.wikipedia.org/wiki/The_Hitchhiker%27s_Guide_to_the_Galaxy#meaning_of_life)
  
  
  '''
# ---
